// Jest Snapshot v1, https://goo.gl/fbAQLP

exports[`Header component :: should render component 1`] = `
<div>
  <div
    class="App"
  >
    <header
      class="App-header"
    >
      <p
        data-testid="header-content"
      >
        Practise multiplications at your own pace and have fun!!!
      </p>
    </header>
  </div>
</div>
`;
